// Jest Snapshot v1, https://goo.gl/fbAQLP

exports[`Create birthday component Should match the snapshot 1`] = `
<Connect(CreateBirthday)
  state={
    Object {
      "date": "12/04/2019",
      "message": "message",
      "name": "karl",
      "whatsappNumber": "+23453456456",
    }
  }
  store={
    Object {
      "clearActions": [Function],
      "dispatch": [Function],
      "getActions": [Function],
      "getState": [Function],
      "replaceReducer": [Function],
      "subscribe": [Function],
    }
  }
>
  <CreateBirthday
    onAddEvent={[Function]}
    state={
      Object {
        "date": "12/04/2019",
        "message": "message",
        "name": "karl",
        "whatsappNumber": "+23453456456",
      }
    }
    store={
      Object {
        "clearActions": [Function],
        "dispatch": [Function],
        "getActions": [Function],
        "getState": [Function],
        "replaceReducer": [Function],
        "subscribe": [Function],
      }
    }
  >
    <div>
      <Navbar
        title="New Birthday"
      >
        <div
          className="container"
          style={
            Object {
              "alignText": "center",
              "background": "#ffc3b8",
              "color": "#fff",
            }
          }
        >
          <div
            className="row"
            style={
              Object {
                "display": "flex",
                "justifyContent": "space-between",
                "padding": "10px 25px 0px 20px",
              }
            }
          >
            <div
              style={
                Object {
                  "color": "#fff",
                }
              }
            >
              <p
                id="btn-cancel"
                onClick={[Function]}
              >
                Cancel
              </p>
            </div>
            <div>
              <span>
                 
                New Birthday
                 
              </span>
            </div>
          </div>
        </div>
      </Navbar>
      <div
        className="container"
        style={
          Object {
            "marginBottom": "30px",
            "marginTop": "20px",
          }
        }
      >
        <form
          onSubmit={[Function]}
        >
          <Input
            label="Name"
            name="name"
            onChange={[Function]}
            placeholder="Name"
          >
            <div
              className="form-group"
            >
              <label
                style={
                  Object {
                    "marginBottom": "-18px",
                    "marginLeft": "10px",
                  }
                }
              >
                Name
              </label>
              <input
                className="form-control"
                id="name"
                name="name"
                onChange={[Function]}
                placeholder="Name"
                style={
                  Object {
                    "border": "none",
                    "borderBottom": "2px solid #f5f5f5",
                  }
                }
                type="text"
              />
            </div>
          </Input>
          <Input
            label="Date"
            name="date"
            onChange={[Function]}
            placeholder="30/12"
          >
            <div
              className="form-group"
            >
              <label
                style={
                  Object {
                    "marginBottom": "-18px",
                    "marginLeft": "10px",
                  }
                }
              >
                Date
              </label>
              <input
                className="form-control"
                id="date"
                name="date"
                onChange={[Function]}
                placeholder="30/12"
                style={
                  Object {
                    "border": "none",
                    "borderBottom": "2px solid #f5f5f5",
                  }
                }
                type="text"
              />
            </div>
          </Input>
          <Input
            label="Whatsapp Number"
            name="whatsappNumber"
            onChange={[Function]}
            placeholder="+250781959044"
          >
            <div
              className="form-group"
            >
              <label
                style={
                  Object {
                    "marginBottom": "-18px",
                    "marginLeft": "10px",
                  }
                }
              >
                Whatsapp Number
              </label>
              <input
                className="form-control"
                id="whatsappNumber"
                name="whatsappNumber"
                onChange={[Function]}
                placeholder="+250781959044"
                style={
                  Object {
                    "border": "none",
                    "borderBottom": "2px solid #f5f5f5",
                  }
                }
                type="text"
              />
            </div>
          </Input>
          <Hr>
            <hr
              style={
                Object {
                  "backgroundColor": "#fff",
                  "color": "#f5f5f5",
                  "margin": "1px",
                }
              }
            />
          </Hr>
          <p
            className="text"
          >
            Compose your Birthday message here:
          </p>
          <Hr>
            <hr
              style={
                Object {
                  "backgroundColor": "#fff",
                  "color": "#f5f5f5",
                  "margin": "1px",
                }
              }
            />
          </Hr>
          <TextAreA
            height="200px"
            onChange={[Function]}
          >
            <textarea
              className="form-control"
              name="message"
              onChange={[Function]}
              placeholder="My message"
              style={
                Object {
                  "border": "none",
                  "borderBottom": "2px solid #f5f5f5",
                  "height": "200px",
                }
              }
            />
          </TextAreA>
          <div
            style={
              Object {
                "display": "flex",
                "justifyContent": "space-around",
                "marginTop": "15px",
              }
            }
          >
            <button
              className="btn col-5 btn-lg btn-success"
              onClick={[Function]}
            >
              Done
            </button>
          </div>
        </form>
      </div>
    </div>
  </CreateBirthday>
</Connect(CreateBirthday)>
`;
